.next/types/validator.ts(90,31): error TS2344: Type 'typeof import("D:/Applied GenAI Cloud Development Stack/hackathon-todo/frontend/app/api/auth/[...all]/route")' does not satisfy the constraint 'RouteHandlerConfig<"/api/auth/[...all]">'.
  Types of property 'GET' are incompatible.
    Type '(req: IncomingMessage, res: ServerResponse<IncomingMessage>) => Promise<void>' is not assignable to type '(request: NextRequest, context: { params: Promise<{ all: string[]; }>; }) => void | Response | Promise<void | Response>'.
      Types of parameters 'req' and 'request' are incompatible.
        Type 'NextRequest' is missing the following properties from type 'IncomingMessage': aborted, httpVersion, httpVersionMajor, httpVersionMinor, and 65 more.
app/api/auth/[...all]/route.ts(1,22): error TS2307: Cannot find module '../../../../../lib/auth' or its corresponding type declarations.
components/TaskForm.tsx(4,21): error TS2307: Cannot find module '../../lib/api' or its corresponding type declarations.
